
> react-kavia@0.1.0 start
> react-scripts start

Attempting to bind to HOST environment variable: 0.0.0.0
If this was unintentional, check that you haven't mistakenly set it in your shell.
Learn more here: https://cra.link/advanced-config

(node:775) [DEP_WEBPACK_DEV_SERVER_ON_AFTER_SETUP_MIDDLEWARE] DeprecationWarning: 'onAfterSetupMiddleware' option is deprecated. Please use the 'setupMiddlewares' option.
(Use `node --trace-deprecation ...` to show where the warning was created)
(node:775) [DEP_WEBPACK_DEV_SERVER_ON_BEFORE_SETUP_MIDDLEWARE] DeprecationWarning: 'onBeforeSetupMiddleware' option is deprecated. Please use the 'setupMiddlewares' option.
Starting the development server...

Compiled successfully!

You can now view react-kavia in the browser.

  Local:            http://localhost:3000
  On Your Network:  http://172.17.0.2:3000

Note that the development build is not optimized.
To create a production build, use npm run build.

webpack compiled successfully
Compiling...
Compiled successfully!
webpack compiled successfully
Compiling...
Failed to compile.

Module not found: Error: Can't resolve './context/ProductsContext' in '/home/kavia/workspace/code-generation/furniview-96798-0afee979/frontend_app/src'
ERROR in ./src/App.js 6:0-61
Module not found: Error: Can't resolve './context/ProductsContext' in '/home/kavia/workspace/code-generation/furniview-96798-0afee979/frontend_app/src'

ERROR in ./src/App.js 7:0-41
Module not found: Error: Can't resolve './components/Header' in '/home/kavia/workspace/code-generation/furniview-96798-0afee979/frontend_app/src'

ERROR in ./src/App.js 8:0-43
Module not found: Error: Can't resolve './components/Sidebar' in '/home/kavia/workspace/code-generation/furniview-96798-0afee979/frontend_app/src'

ERROR in ./src/App.js 9:0-51
Module not found: Error: Can't resolve './components/ProductGrid' in '/home/kavia/workspace/code-generation/furniview-96798-0afee979/frontend_app/src'

ERROR in ./src/App.js 10:0-41
Module not found: Error: Can't resolve './components/Footer' in '/home/kavia/workspace/code-generation/furniview-96798-0afee979/frontend_app/src'

ERROR in ./src/App.js 11:0-53
Module not found: Error: Can't resolve './components/ProductModal' in '/home/kavia/workspace/code-generation/furniview-96798-0afee979/frontend_app/src'

ERROR in ./src/App.js 12:0-53
Module not found: Error: Can't resolve './components/ContactModal' in '/home/kavia/workspace/code-generation/furniview-96798-0afee979/frontend_app/src'

ERROR in ./src/App.js 13:0-51
Module not found: Error: Can't resolve './components/ThemeToggle' in '/home/kavia/workspace/code-generation/furniview-96798-0afee979/frontend_app/src'

webpack compiled with 8 errors
Compiling...
Failed to compile.

Module not found: Error: Can't resolve './context/ProductsContext' in '/home/kavia/workspace/code-generation/furniview-96798-0afee979/frontend_app/src'
ERROR in ./src/App.js 6:0-61
Module not found: Error: Can't resolve './context/ProductsContext' in '/home/kavia/workspace/code-generation/furniview-96798-0afee979/frontend_app/src'

ERROR in ./src/App.js 7:0-41
Module not found: Error: Can't resolve './components/Header' in '/home/kavia/workspace/code-generation/furniview-96798-0afee979/frontend_app/src'

ERROR in ./src/App.js 8:0-43
Module not found: Error: Can't resolve './components/Sidebar' in '/home/kavia/workspace/code-generation/furniview-96798-0afee979/frontend_app/src'

ERROR in ./src/App.js 9:0-51
Module not found: Error: Can't resolve './components/ProductGrid' in '/home/kavia/workspace/code-generation/furniview-96798-0afee979/frontend_app/src'

ERROR in ./src/App.js 10:0-41
Module not found: Error: Can't resolve './components/Footer' in '/home/kavia/workspace/code-generation/furniview-96798-0afee979/frontend_app/src'

ERROR in ./src/App.js 11:0-53
Module not found: Error: Can't resolve './components/ProductModal' in '/home/kavia/workspace/code-generation/furniview-96798-0afee979/frontend_app/src'

ERROR in ./src/App.js 12:0-53
Module not found: Error: Can't resolve './components/ContactModal' in '/home/kavia/workspace/code-generation/furniview-96798-0afee979/frontend_app/src'

ERROR in ./src/App.js 13:0-51
Module not found: Error: Can't resolve './components/ThemeToggle' in '/home/kavia/workspace/code-generation/furniview-96798-0afee979/frontend_app/src'

webpack compiled with 8 errors
Compiling...
Failed to compile.

Module not found: Error: Can't resolve './context/ProductsContext' in '/home/kavia/workspace/code-generation/furniview-96798-0afee979/frontend_app/src'
ERROR in ./src/App.js 6:0-61
Module not found: Error: Can't resolve './context/ProductsContext' in '/home/kavia/workspace/code-generation/furniview-96798-0afee979/frontend_app/src'

ERROR in ./src/App.js 7:0-41
Module not found: Error: Can't resolve './components/Header' in '/home/kavia/workspace/code-generation/furniview-96798-0afee979/frontend_app/src'

ERROR in ./src/App.js 8:0-43
Module not found: Error: Can't resolve './components/Sidebar' in '/home/kavia/workspace/code-generation/furniview-96798-0afee979/frontend_app/src'

ERROR in ./src/App.js 9:0-51
Module not found: Error: Can't resolve './components/ProductGrid' in '/home/kavia/workspace/code-generation/furniview-96798-0afee979/frontend_app/src'

ERROR in ./src/App.js 10:0-41
Module not found: Error: Can't resolve './components/Footer' in '/home/kavia/workspace/code-generation/furniview-96798-0afee979/frontend_app/src'

ERROR in ./src/App.js 11:0-53
Module not found: Error: Can't resolve './components/ProductModal' in '/home/kavia/workspace/code-generation/furniview-96798-0afee979/frontend_app/src'

ERROR in ./src/App.js 12:0-53
Module not found: Error: Can't resolve './components/ContactModal' in '/home/kavia/workspace/code-generation/furniview-96798-0afee979/frontend_app/src'

ERROR in ./src/App.js 13:0-51
Module not found: Error: Can't resolve './components/ThemeToggle' in '/home/kavia/workspace/code-generation/furniview-96798-0afee979/frontend_app/src'

webpack compiled with 8 errors
Compiling...
Failed to compile.

Module not found: Error: Can't resolve './components/Header' in '/home/kavia/workspace/code-generation/furniview-96798-0afee979/frontend_app/src'
WARNING in [eslint] 
src/context/ProductsContext.js
  Line 1:65:  'useCallback' is defined but never used  no-unused-vars

ERROR in ./src/App.js 7:0-41
Module not found: Error: Can't resolve './components/Header' in '/home/kavia/workspace/code-generation/furniview-96798-0afee979/frontend_app/src'

ERROR in ./src/App.js 8:0-43
Module not found: Error: Can't resolve './components/Sidebar' in '/home/kavia/workspace/code-generation/furniview-96798-0afee979/frontend_app/src'

ERROR in ./src/App.js 9:0-51
Module not found: Error: Can't resolve './components/ProductGrid' in '/home/kavia/workspace/code-generation/furniview-96798-0afee979/frontend_app/src'

ERROR in ./src/App.js 10:0-41
Module not found: Error: Can't resolve './components/Footer' in '/home/kavia/workspace/code-generation/furniview-96798-0afee979/frontend_app/src'

ERROR in ./src/App.js 11:0-53
Module not found: Error: Can't resolve './components/ProductModal' in '/home/kavia/workspace/code-generation/furniview-96798-0afee979/frontend_app/src'

ERROR in ./src/App.js 12:0-53
Module not found: Error: Can't resolve './components/ContactModal' in '/home/kavia/workspace/code-generation/furniview-96798-0afee979/frontend_app/src'

ERROR in ./src/App.js 13:0-51
Module not found: Error: Can't resolve './components/ThemeToggle' in '/home/kavia/workspace/code-generation/furniview-96798-0afee979/frontend_app/src'

ERROR in ./src/context/ProductsContext.js 7:0-73
Module not found: Error: Can't resolve '../utils/supabaseClient' in '/home/kavia/workspace/code-generation/furniview-96798-0afee979/frontend_app/src/context'

webpack compiled with 8 errors and 1 warning
Compiling...
Failed to compile.

Module not found: Error: Can't resolve './components/Sidebar' in '/home/kavia/workspace/code-generation/furniview-96798-0afee979/frontend_app/src'
WARNING in [eslint] 
src/context/ProductsContext.js
  Line 1:65:  'useCallback' is defined but never used  no-unused-vars

ERROR in ./src/App.js 8:0-43
Module not found: Error: Can't resolve './components/Sidebar' in '/home/kavia/workspace/code-generation/furniview-96798-0afee979/frontend_app/src'

ERROR in ./src/App.js 9:0-51
Module not found: Error: Can't resolve './components/ProductGrid' in '/home/kavia/workspace/code-generation/furniview-96798-0afee979/frontend_app/src'

ERROR in ./src/App.js 10:0-41
Module not found: Error: Can't resolve './components/Footer' in '/home/kavia/workspace/code-generation/furniview-96798-0afee979/frontend_app/src'

ERROR in ./src/App.js 11:0-53
Module not found: Error: Can't resolve './components/ProductModal' in '/home/kavia/workspace/code-generation/furniview-96798-0afee979/frontend_app/src'

ERROR in ./src/App.js 12:0-53
Module not found: Error: Can't resolve './components/ContactModal' in '/home/kavia/workspace/code-generation/furniview-96798-0afee979/frontend_app/src'

ERROR in ./src/App.js 13:0-51
Module not found: Error: Can't resolve './components/ThemeToggle' in '/home/kavia/workspace/code-generation/furniview-96798-0afee979/frontend_app/src'

ERROR in ./src/context/ProductsContext.js 7:0-73
Module not found: Error: Can't resolve '../utils/supabaseClient' in '/home/kavia/workspace/code-generation/furniview-96798-0afee979/frontend_app/src/context'

webpack compiled with 7 errors and 1 warning
Compiling...
Failed to compile.

Module not found: Error: Can't resolve './components/ProductGrid' in '/home/kavia/workspace/code-generation/furniview-96798-0afee979/frontend_app/src'
WARNING in [eslint] 
src/context/ProductsContext.js
  Line 1:65:  'useCallback' is defined but never used  no-unused-vars

ERROR in ./src/App.js 9:0-51
Module not found: Error: Can't resolve './components/ProductGrid' in '/home/kavia/workspace/code-generation/furniview-96798-0afee979/frontend_app/src'

ERROR in ./src/App.js 10:0-41
Module not found: Error: Can't resolve './components/Footer' in '/home/kavia/workspace/code-generation/furniview-96798-0afee979/frontend_app/src'

ERROR in ./src/App.js 11:0-53
Module not found: Error: Can't resolve './components/ProductModal' in '/home/kavia/workspace/code-generation/furniview-96798-0afee979/frontend_app/src'

ERROR in ./src/App.js 12:0-53
Module not found: Error: Can't resolve './components/ContactModal' in '/home/kavia/workspace/code-generation/furniview-96798-0afee979/frontend_app/src'

ERROR in ./src/App.js 13:0-51
Module not found: Error: Can't resolve './components/ThemeToggle' in '/home/kavia/workspace/code-generation/furniview-96798-0afee979/frontend_app/src'

ERROR in ./src/context/ProductsContext.js 7:0-73
Module not found: Error: Can't resolve '../utils/supabaseClient' in '/home/kavia/workspace/code-generation/furniview-96798-0afee979/frontend_app/src/context'

webpack compiled with 6 errors and 1 warning
Compiling...
Failed to compile.

Module not found: Error: Can't resolve './components/Footer' in '/home/kavia/workspace/code-generation/furniview-96798-0afee979/frontend_app/src'
WARNING in [eslint] 
src/context/ProductsContext.js
  Line 1:65:  'useCallback' is defined but never used  no-unused-vars

ERROR in ./src/App.js 10:0-41
Module not found: Error: Can't resolve './components/Footer' in '/home/kavia/workspace/code-generation/furniview-96798-0afee979/frontend_app/src'

ERROR in ./src/App.js 11:0-53
Module not found: Error: Can't resolve './components/ProductModal' in '/home/kavia/workspace/code-generation/furniview-96798-0afee979/frontend_app/src'

ERROR in ./src/App.js 12:0-53
Module not found: Error: Can't resolve './components/ContactModal' in '/home/kavia/workspace/code-generation/furniview-96798-0afee979/frontend_app/src'

ERROR in ./src/App.js 13:0-51
Module not found: Error: Can't resolve './components/ThemeToggle' in '/home/kavia/workspace/code-generation/furniview-96798-0afee979/frontend_app/src'

ERROR in ./src/context/ProductsContext.js 7:0-73
Module not found: Error: Can't resolve '../utils/supabaseClient' in '/home/kavia/workspace/code-generation/furniview-96798-0afee979/frontend_app/src/context'

webpack compiled with 5 errors and 1 warning
Compiling...
Failed to compile.

Module not found: Error: Can't resolve './components/Footer' in '/home/kavia/workspace/code-generation/furniview-96798-0afee979/frontend_app/src'
WARNING in [eslint] 
src/context/ProductsContext.js
  Line 1:65:  'useCallback' is defined but never used  no-unused-vars

ERROR in ./src/App.js 10:0-41
Module not found: Error: Can't resolve './components/Footer' in '/home/kavia/workspace/code-generation/furniview-96798-0afee979/frontend_app/src'

ERROR in ./src/App.js 12:0-53
Module not found: Error: Can't resolve './components/ContactModal' in '/home/kavia/workspace/code-generation/furniview-96798-0afee979/frontend_app/src'

ERROR in ./src/App.js 13:0-51
Module not found: Error: Can't resolve './components/ThemeToggle' in '/home/kavia/workspace/code-generation/furniview-96798-0afee979/frontend_app/src'

ERROR in ./src/context/ProductsContext.js 7:0-73
Module not found: Error: Can't resolve '../utils/supabaseClient' in '/home/kavia/workspace/code-generation/furniview-96798-0afee979/frontend_app/src/context'

webpack compiled with 4 errors and 1 warning
Compiling...
Failed to compile.

Module not found: Error: Can't resolve './components/Footer' in '/home/kavia/workspace/code-generation/furniview-96798-0afee979/frontend_app/src'
WARNING in [eslint] 
src/context/ProductsContext.js
  Line 1:65:  'useCallback' is defined but never used  no-unused-vars

ERROR in ./src/App.js 10:0-41
Module not found: Error: Can't resolve './components/Footer' in '/home/kavia/workspace/code-generation/furniview-96798-0afee979/frontend_app/src'

ERROR in ./src/App.js 13:0-51
Module not found: Error: Can't resolve './components/ThemeToggle' in '/home/kavia/workspace/code-generation/furniview-96798-0afee979/frontend_app/src'

ERROR in ./src/components/ContactModal.js 6:0-56
Module not found: Error: Can't resolve '../utils/supabaseClient' in '/home/kavia/workspace/code-generation/furniview-96798-0afee979/frontend_app/src/components'

ERROR in ./src/context/ProductsContext.js 7:0-73
Module not found: Error: Can't resolve '../utils/supabaseClient' in '/home/kavia/workspace/code-generation/furniview-96798-0afee979/frontend_app/src/context'

webpack compiled with 4 errors and 1 warning
Compiling...
Failed to compile.

Module not found: Error: Can't resolve './components/ThemeToggle' in '/home/kavia/workspace/code-generation/furniview-96798-0afee979/frontend_app/src'
WARNING in [eslint] 
src/context/ProductsContext.js
  Line 1:65:  'useCallback' is defined but never used  no-unused-vars

ERROR in ./src/App.js 13:0-51
Module not found: Error: Can't resolve './components/ThemeToggle' in '/home/kavia/workspace/code-generation/furniview-96798-0afee979/frontend_app/src'

ERROR in ./src/components/ContactModal.js 6:0-56
Module not found: Error: Can't resolve '../utils/supabaseClient' in '/home/kavia/workspace/code-generation/furniview-96798-0afee979/frontend_app/src/components'

ERROR in ./src/context/ProductsContext.js 7:0-73
Module not found: Error: Can't resolve '../utils/supabaseClient' in '/home/kavia/workspace/code-generation/furniview-96798-0afee979/frontend_app/src/context'

webpack compiled with 3 errors and 1 warning
Compiling...
Failed to compile.

Module not found: Error: Can't resolve '../utils/supabaseClient' in '/home/kavia/workspace/code-generation/furniview-96798-0afee979/frontend_app/src/components'
WARNING in [eslint] 
src/context/ProductsContext.js
  Line 1:65:  'useCallback' is defined but never used  no-unused-vars

ERROR in ./src/components/ContactModal.js 6:0-56
Module not found: Error: Can't resolve '../utils/supabaseClient' in '/home/kavia/workspace/code-generation/furniview-96798-0afee979/frontend_app/src/components'

ERROR in ./src/context/ProductsContext.js 7:0-73
Module not found: Error: Can't resolve '../utils/supabaseClient' in '/home/kavia/workspace/code-generation/furniview-96798-0afee979/frontend_app/src/context'

webpack compiled with 2 errors and 1 warning
Compiling...
Failed to compile.

Module not found: Error: Can't resolve '@supabase/supabase-js' in '/home/kavia/workspace/code-generation/furniview-96798-0afee979/frontend_app/src/utils'
WARNING in [eslint] 
src/context/ProductsContext.js
  Line 1:65:  'useCallback' is defined but never used  no-unused-vars

ERROR in ./src/utils/supabaseClient.js 13:0-53
Module not found: Error: Can't resolve '@supabase/supabase-js' in '/home/kavia/workspace/code-generation/furniview-96798-0afee979/frontend_app/src/utils'

webpack compiled with 1 error and 1 warning
Compiling...
Failed to compile.

Module not found: Error: Can't resolve '@supabase/supabase-js' in '/home/kavia/workspace/code-generation/furniview-96798-0afee979/frontend_app/src/utils'
WARNING in [eslint] 
src/context/ProductsContext.js
  Line 1:65:  'useCallback' is defined but never used  no-unused-vars

ERROR in ./src/utils/supabaseClient.js 13:0-53
Module not found: Error: Can't resolve '@supabase/supabase-js' in '/home/kavia/workspace/code-generation/furniview-96798-0afee979/frontend_app/src/utils'

webpack compiled with 1 error and 1 warning
Compiling...
Failed to compile.

Module not found: Error: Can't resolve '@supabase/supabase-js' in '/home/kavia/workspace/code-generation/furniview-96798-0afee979/frontend_app/src/utils'
LOG from webpack.FileSystemInfo
<w> Managed item /home/kavia/workspace/code-generation/furniview-96798-0afee979/frontend_app/node_modules/@supabase/supabase-js isn't a directory or doesn't contain a package.json (see snapshot.managedPaths option)
+ 13 hidden lines

WARNING in [eslint] 
src/context/ProductsContext.js
  Line 1:65:  'useCallback' is defined but never used  no-unused-vars

ERROR in ./src/utils/supabaseClient.js 13:0-53
Module not found: Error: Can't resolve '@supabase/supabase-js' in '/home/kavia/workspace/code-generation/furniview-96798-0afee979/frontend_app/src/utils'

webpack compiled with 1 error and 1 warning
Compiling...
Compiled with warnings.

Failed to parse source map from '/home/kavia/workspace/code-generation/furniview-96798-0afee979/frontend_app/node_modules/@supabase/supabase-js/src/SupabaseClient.ts' file: Error: ENOENT: no such file or directory, open '/home/kavia/workspace/code-generation/furniview-96798-0afee979/frontend_app/node_modules/@supabase/supabase-js/src/SupabaseClient.ts'

Failed to parse source map from '/home/kavia/workspace/code-generation/furniview-96798-0afee979/frontend_app/node_modules/@supabase/supabase-js/src/index.ts' file: Error: ENOENT: no such file or directory, open '/home/kavia/workspace/code-generation/furniview-96798-0afee979/frontend_app/node_modules/@supabase/supabase-js/src/index.ts'

[eslint] 
src/context/ProductsContext.js
  Line 1:65:  'useCallback' is defined but never used  no-unused-vars

Search for the keywords to learn more about each warning.
To ignore, add // eslint-disable-next-line to the line before.

WARNING in ./node_modules/@supabase/supabase-js/dist/module/SupabaseClient.js
Module Warning (from ./node_modules/source-map-loader/dist/cjs.js):
Failed to parse source map from '/home/kavia/workspace/code-generation/furniview-96798-0afee979/frontend_app/node_modules/@supabase/supabase-js/src/SupabaseClient.ts' file: Error: ENOENT: no such file or directory, open '/home/kavia/workspace/code-generation/furniview-96798-0afee979/frontend_app/node_modules/@supabase/supabase-js/src/SupabaseClient.ts'

WARNING in ./node_modules/@supabase/supabase-js/dist/module/index.js
Module Warning (from ./node_modules/source-map-loader/dist/cjs.js):
Failed to parse source map from '/home/kavia/workspace/code-generation/furniview-96798-0afee979/frontend_app/node_modules/@supabase/supabase-js/src/index.ts' file: Error: ENOENT: no such file or directory, open '/home/kavia/workspace/code-generation/furniview-96798-0afee979/frontend_app/node_modules/@supabase/supabase-js/src/index.ts'

WARNING in [eslint] 
src/context/ProductsContext.js
  Line 1:65:  'useCallback' is defined but never used  no-unused-vars

webpack compiled with 3 warnings
Compiling...
Compiled with warnings.

Failed to parse source map from '/home/kavia/workspace/code-generation/furniview-96798-0afee979/frontend_app/node_modules/@supabase/supabase-js/src/SupabaseClient.ts' file: Error: ENOENT: no such file or directory, open '/home/kavia/workspace/code-generation/furniview-96798-0afee979/frontend_app/node_modules/@supabase/supabase-js/src/SupabaseClient.ts'

Failed to parse source map from '/home/kavia/workspace/code-generation/furniview-96798-0afee979/frontend_app/node_modules/@supabase/supabase-js/src/index.ts' file: Error: ENOENT: no such file or directory, open '/home/kavia/workspace/code-generation/furniview-96798-0afee979/frontend_app/node_modules/@supabase/supabase-js/src/index.ts'

[eslint] 
src/context/ProductsContext.js
  Line 1:65:  'useCallback' is defined but never used  no-unused-vars

Search for the keywords to learn more about each warning.
To ignore, add // eslint-disable-next-line to the line before.

WARNING in ./node_modules/@supabase/supabase-js/dist/module/SupabaseClient.js
Module Warning (from ./node_modules/source-map-loader/dist/cjs.js):
Failed to parse source map from '/home/kavia/workspace/code-generation/furniview-96798-0afee979/frontend_app/node_modules/@supabase/supabase-js/src/SupabaseClient.ts' file: Error: ENOENT: no such file or directory, open '/home/kavia/workspace/code-generation/furniview-96798-0afee979/frontend_app/node_modules/@supabase/supabase-js/src/SupabaseClient.ts'

WARNING in ./node_modules/@supabase/supabase-js/dist/module/index.js
Module Warning (from ./node_modules/source-map-loader/dist/cjs.js):
Failed to parse source map from '/home/kavia/workspace/code-generation/furniview-96798-0afee979/frontend_app/node_modules/@supabase/supabase-js/src/index.ts' file: Error: ENOENT: no such file or directory, open '/home/kavia/workspace/code-generation/furniview-96798-0afee979/frontend_app/node_modules/@supabase/supabase-js/src/index.ts'

WARNING in [eslint] 
src/context/ProductsContext.js
  Line 1:65:  'useCallback' is defined but never used  no-unused-vars

webpack compiled with 3 warnings
